[2025-12-19 20:21:44.217] [global] [warning] [resolve_binary.cc:46] is_regular_file check failed for for C:\Users\guido\AppData\Local\trunk\tools\node\22.16.0-12da8a4c27b144aedaf7d975e067667c/bin\npm // 3:El sistema no puede encontrar la ruta especificada.
[2025-12-19 20:21:44.361] [global] [warning] [resolve_binary.cc:46] is_regular_file check failed for for C:\Users\guido\AppData\Local\trunk\tools\node\22.16.0-12da8a4c27b144aedaf7d975e067667c/bin\npm.exe // 3:El sistema no puede encontrar la ruta especificada.
[2025-12-19 20:21:44.368] [global] [warning] [resolve_binary.cc:46] is_regular_file check failed for for C:\Users\guido\AppData\Local\trunk\tools\node\22.16.0-12da8a4c27b144aedaf7d975e067667c/bin\npm // 3:El sistema no puede encontrar la ruta especificada.
[2025-12-19 20:21:44.368] [global] [warning] [resolve_binary.cc:46] is_regular_file check failed for for C:\Users\guido\AppData\Local\trunk\tools\node\22.16.0-12da8a4c27b144aedaf7d975e067667c/bin\npm.exe // 3:El sistema no puede encontrar la ruta especificada.
[2025-12-19 20:21:45.333] [global] [info] [linter.cc:1078] Validated version for trufflehog not provided, or bypassed. Using fallback
[2025-12-19 20:21:45.551] [global] [info] [linter.cc:1078] Validated version for trufflehog not provided, or bypassed. Using fallback
[2025-12-19 20:21:55.934] [global] [info] [linter.cc:1078] Validated version for osv-scanner not provided, or bypassed. Using fallback
[2025-12-19 20:21:56.033] [global] [info] [linter.cc:1078] Validated version for yamllint not provided, or bypassed. Using fallback
[2025-12-19 20:21:56.035] [global] [info] [linter.cc:1078] Validated version for oxipng not provided, or bypassed. Using fallback
[2025-12-19 20:21:56.191] [global] [info] [linter.cc:1791] Found config in plugin repo at C:\Users\guido\AppData\Local\trunk\plugins\https---github-com-trunk-io-plugins\v1.7.4-4ebadccd80b22638\linters\yamllint\.yamllint.yaml
[2025-12-19 20:21:56.625] [global] [info] [linter.cc:1078] Validated version for yamllint not provided, or bypassed. Using fallback
[2025-12-19 20:21:56.738] [global] [info] [linter.cc:1791] Found config in plugin repo at C:\Users\guido\AppData\Local\trunk\plugins\https---github-com-trunk-io-plugins\v1.7.4-4ebadccd80b22638\linters\yamllint\.yamllint.yaml
[2025-12-19 20:22:05.502] [global] [warning] [release.cc:76] Querying ReleaseVersionService failed with message Endpoint is deprecated
[2025-12-19 20:22:05.502] [global] [warning] [release.cc:76] Querying ReleaseVersionService failed with message Endpoint is deprecated
[2025-12-19 20:22:06.480] [global] [warning] [release.cc:76] Querying ReleaseVersionService failed with message Endpoint is deprecated
[2025-12-19 20:22:06.732] [global] [warning] [release.cc:76] Querying ReleaseVersionService failed with message Endpoint is deprecated
[2025-12-19 20:22:17.131] [global] [warning] [release.cc:76] Querying ReleaseVersionService failed with message Endpoint is deprecated
[2025-12-19 20:22:17.194] [global] [warning] [release.cc:76] Querying ReleaseVersionService failed with message Endpoint is deprecated
[2025-12-19 20:22:17.659] [global] [info] [grpc.cc:26] TX:virtual grpc::Status trunk::cli::UpgradeService::GetAvailableUpgrades(grpc::ServerContext *, const upgrade::proto::v1::GetAvailableUpgradesRequest *, grpc::ServerWriter<upgrade::proto::v1::GetAvailableUpgradesResponse> *) status=OK
[2025-12-19 20:22:17.961] [global] [info] [grpc.cc:26] TX:virtual grpc::Status trunk::cli::UpgradeService::GetAvailableUpgrades(grpc::ServerContext *, const upgrade::proto::v1::GetAvailableUpgradesRequest *, grpc::ServerWriter<upgrade::proto::v1::GetAvailableUpgradesResponse> *) status=OK
[2025-12-19 20:22:18.345] [global] [info] [notification_manager.cc:37] Writing to C:\Users\guido\Documents\Proyectos\club\clubFront\.trunk\notifications\trunk-upgrade.yaml
[2025-12-19 20:22:18.558] [global] [info] [notification_manager.cc:37] Writing to C:\Users\guido\Documents\Proyectos\club\clubFront\.trunk\notifications\trunk-upgrade.yaml
[2025-12-19 20:22:53.439] [global] [info] [git_source_control.cc:517] Computing merge base between 3fa3717980f8cdca3ff23c6e19816b1ca7190cb9 and 2ade3df93bfcc8fcb9cd19c422d121bc2ba07f18
[2025-12-19 20:22:53.552] [global] [info] [git_source_control.cc:522] failed to compute merge base - no merge base found
[2025-12-19 20:24:10.835] [global] [info] [git_source_control.cc:517] Computing merge base between 3fa3717980f8cdca3ff23c6e19816b1ca7190cb9 and 2ade3df93bfcc8fcb9cd19c422d121bc2ba07f18
[2025-12-19 20:24:10.884] [global] [info] [git_source_control.cc:522] failed to compute merge base - no merge base found
[2025-12-19 20:24:40.427] [global] [info] [git_source_control.cc:517] Computing merge base between 3fa3717980f8cdca3ff23c6e19816b1ca7190cb9 and 2ade3df93bfcc8fcb9cd19c422d121bc2ba07f18
[2025-12-19 20:24:40.455] [global] [info] [git_source_control.cc:522] failed to compute merge base - no merge base found
[2025-12-19 20:24:48.544] [global] [info] [git_source_control.cc:517] Computing merge base between 3fa3717980f8cdca3ff23c6e19816b1ca7190cb9 and 2ade3df93bfcc8fcb9cd19c422d121bc2ba07f18
[2025-12-19 20:24:48.548] [global] [info] [git_source_control.cc:522] failed to compute merge base - no merge base found
[2025-12-19 20:25:27.284] [global] [info] [git_source_control.cc:517] Computing merge base between 3fa3717980f8cdca3ff23c6e19816b1ca7190cb9 and 2ade3df93bfcc8fcb9cd19c422d121bc2ba07f18
[2025-12-19 20:25:27.336] [global] [info] [git_source_control.cc:522] failed to compute merge base - no merge base found
[2025-12-19 20:26:07.564] [global] [info] [git_source_control.cc:517] Computing merge base between 3fa3717980f8cdca3ff23c6e19816b1ca7190cb9 and 2ade3df93bfcc8fcb9cd19c422d121bc2ba07f18
[2025-12-19 20:26:07.586] [global] [info] [git_source_control.cc:522] failed to compute merge base - no merge base found
[2025-12-19 20:26:58.810] [global] [info] [git_source_control.cc:517] Computing merge base between 3fa3717980f8cdca3ff23c6e19816b1ca7190cb9 and 2ade3df93bfcc8fcb9cd19c422d121bc2ba07f18
[2025-12-19 20:26:58.843] [global] [info] [git_source_control.cc:522] failed to compute merge base - no merge base found
[2025-12-19 20:26:59.587] [global] [info] [git_source_control.cc:517] Computing merge base between 3fa3717980f8cdca3ff23c6e19816b1ca7190cb9 and 2ade3df93bfcc8fcb9cd19c422d121bc2ba07f18
[2025-12-19 20:26:59.590] [global] [info] [git_source_control.cc:522] failed to compute merge base - no merge base found
[2025-12-19 20:37:29.060] [global] [info] [git_source_control.cc:517] Computing merge base between 3fa3717980f8cdca3ff23c6e19816b1ca7190cb9 and 2ade3df93bfcc8fcb9cd19c422d121bc2ba07f18
[2025-12-19 20:37:29.105] [global] [info] [git_source_control.cc:522] failed to compute merge base - no merge base found
[2025-12-19 20:37:29.722] [global] [info] [git_source_control.cc:517] Computing merge base between 3fa3717980f8cdca3ff23c6e19816b1ca7190cb9 and 2ade3df93bfcc8fcb9cd19c422d121bc2ba07f18
[2025-12-19 20:37:29.723] [global] [info] [git_source_control.cc:522] failed to compute merge base - no merge base found
[2025-12-19 20:37:30.921] [global] [info] [git_source_control.cc:517] Computing merge base between 3fa3717980f8cdca3ff23c6e19816b1ca7190cb9 and 2ade3df93bfcc8fcb9cd19c422d121bc2ba07f18
[2025-12-19 20:37:30.922] [global] [info] [git_source_control.cc:522] failed to compute merge base - no merge base found
[2025-12-19 20:43:59.577] [global] [info] [git_source_control.cc:517] Computing merge base between 3fa3717980f8cdca3ff23c6e19816b1ca7190cb9 and 2ade3df93bfcc8fcb9cd19c422d121bc2ba07f18
[2025-12-19 20:43:59.585] [global] [info] [git_source_control.cc:522] failed to compute merge base - no merge base found
[2025-12-19 20:47:57.092] [global] [info] [git_source_control.cc:517] Computing merge base between 3fa3717980f8cdca3ff23c6e19816b1ca7190cb9 and 2ade3df93bfcc8fcb9cd19c422d121bc2ba07f18
[2025-12-19 20:47:57.108] [global] [info] [git_source_control.cc:522] failed to compute merge base - no merge base found
[2025-12-19 20:47:57.737] [global] [info] [git_source_control.cc:517] Computing merge base between 3fa3717980f8cdca3ff23c6e19816b1ca7190cb9 and 2ade3df93bfcc8fcb9cd19c422d121bc2ba07f18
[2025-12-19 20:47:57.737] [global] [info] [git_source_control.cc:522] failed to compute merge base - no merge base found
[2025-12-19 20:47:58.957] [global] [info] [git_source_control.cc:517] Computing merge base between 3fa3717980f8cdca3ff23c6e19816b1ca7190cb9 and 2ade3df93bfcc8fcb9cd19c422d121bc2ba07f18
[2025-12-19 20:47:58.958] [global] [info] [git_source_control.cc:522] failed to compute merge base - no merge base found
[2025-12-19 20:53:50.740] [global] [info] [git_source_control.cc:517] Computing merge base between 3fa3717980f8cdca3ff23c6e19816b1ca7190cb9 and 2ade3df93bfcc8fcb9cd19c422d121bc2ba07f18
[2025-12-19 20:53:50.762] [global] [info] [git_source_control.cc:522] failed to compute merge base - no merge base found
[2025-12-19 20:54:24.847] [global] [info] [git_source_control.cc:517] Computing merge base between 3fa3717980f8cdca3ff23c6e19816b1ca7190cb9 and 2ade3df93bfcc8fcb9cd19c422d121bc2ba07f18
[2025-12-19 20:54:24.850] [global] [info] [git_source_control.cc:522] failed to compute merge base - no merge base found
[2025-12-19 20:55:57.755] [global] [info] [git_source_control.cc:517] Computing merge base between 3fa3717980f8cdca3ff23c6e19816b1ca7190cb9 and 2ade3df93bfcc8fcb9cd19c422d121bc2ba07f18
[2025-12-19 20:55:57.767] [global] [info] [git_source_control.cc:522] failed to compute merge base - no merge base found
[2025-12-19 20:57:17.112] [global] [info] [git_source_control.cc:517] Computing merge base between 3fa3717980f8cdca3ff23c6e19816b1ca7190cb9 and 2ade3df93bfcc8fcb9cd19c422d121bc2ba07f18
[2025-12-19 20:57:17.130] [global] [info] [git_source_control.cc:522] failed to compute merge base - no merge base found
[2025-12-19 20:58:26.495] [global] [info] [git_source_control.cc:517] Computing merge base between 3fa3717980f8cdca3ff23c6e19816b1ca7190cb9 and 2ade3df93bfcc8fcb9cd19c422d121bc2ba07f18
[2025-12-19 20:58:26.512] [global] [info] [git_source_control.cc:522] failed to compute merge base - no merge base found
[2025-12-19 20:58:27.120] [global] [info] [git_source_control.cc:517] Computing merge base between 3fa3717980f8cdca3ff23c6e19816b1ca7190cb9 and 2ade3df93bfcc8fcb9cd19c422d121bc2ba07f18
[2025-12-19 20:58:27.121] [global] [info] [git_source_control.cc:522] failed to compute merge base - no merge base found
[2025-12-19 20:58:32.320] [global] [info] [git_source_control.cc:517] Computing merge base between 3fa3717980f8cdca3ff23c6e19816b1ca7190cb9 and 2ade3df93bfcc8fcb9cd19c422d121bc2ba07f18
[2025-12-19 20:58:32.321] [global] [info] [git_source_control.cc:522] failed to compute merge base - no merge base found
[2025-12-19 20:59:10.609] [global] [info] [git_source_control.cc:517] Computing merge base between 3fa3717980f8cdca3ff23c6e19816b1ca7190cb9 and 2ade3df93bfcc8fcb9cd19c422d121bc2ba07f18
[2025-12-19 20:59:10.619] [global] [info] [git_source_control.cc:522] failed to compute merge base - no merge base found
[2025-12-19 20:59:48.023] [global] [info] [git_source_control.cc:517] Computing merge base between 3fa3717980f8cdca3ff23c6e19816b1ca7190cb9 and 2ade3df93bfcc8fcb9cd19c422d121bc2ba07f18
[2025-12-19 20:59:48.048] [global] [info] [git_source_control.cc:522] failed to compute merge base - no merge base found
[2025-12-19 21:01:09.622] [global] [info] [git_source_control.cc:517] Computing merge base between 3fa3717980f8cdca3ff23c6e19816b1ca7190cb9 and 2ade3df93bfcc8fcb9cd19c422d121bc2ba07f18
[2025-12-19 21:01:09.641] [global] [info] [git_source_control.cc:522] failed to compute merge base - no merge base found
[2025-12-19 21:03:55.020] [global] [info] [git_source_control.cc:517] Computing merge base between 3fa3717980f8cdca3ff23c6e19816b1ca7190cb9 and 2ade3df93bfcc8fcb9cd19c422d121bc2ba07f18
[2025-12-19 21:03:55.041] [global] [info] [git_source_control.cc:522] failed to compute merge base - no merge base found
[2025-12-19 21:04:07.592] [global] [info] [git_source_control.cc:517] Computing merge base between 3fa3717980f8cdca3ff23c6e19816b1ca7190cb9 and 2ade3df93bfcc8fcb9cd19c422d121bc2ba07f18
[2025-12-19 21:04:07.594] [global] [info] [git_source_control.cc:522] failed to compute merge base - no merge base found
[2025-12-19 21:04:20.510] [global] [info] [git_source_control.cc:517] Computing merge base between 3fa3717980f8cdca3ff23c6e19816b1ca7190cb9 and 2ade3df93bfcc8fcb9cd19c422d121bc2ba07f18
[2025-12-19 21:04:20.511] [global] [info] [git_source_control.cc:522] failed to compute merge base - no merge base found
[2025-12-19 21:04:35.656] [global] [info] [git_source_control.cc:517] Computing merge base between 3fa3717980f8cdca3ff23c6e19816b1ca7190cb9 and 2ade3df93bfcc8fcb9cd19c422d121bc2ba07f18
[2025-12-19 21:04:35.657] [global] [info] [git_source_control.cc:522] failed to compute merge base - no merge base found
[2025-12-19 21:05:14.395] [global] [info] [git_source_control.cc:517] Computing merge base between 3fa3717980f8cdca3ff23c6e19816b1ca7190cb9 and 2ade3df93bfcc8fcb9cd19c422d121bc2ba07f18
[2025-12-19 21:05:14.397] [global] [info] [git_source_control.cc:522] failed to compute merge base - no merge base found
[2025-12-19 21:06:08.497] [global] [info] [git_source_control.cc:517] Computing merge base between 3fa3717980f8cdca3ff23c6e19816b1ca7190cb9 and 2ade3df93bfcc8fcb9cd19c422d121bc2ba07f18
[2025-12-19 21:06:08.499] [global] [info] [git_source_control.cc:522] failed to compute merge base - no merge base found
[2025-12-19 21:07:34.000] [global] [info] [git_source_control.cc:517] Computing merge base between 3fa3717980f8cdca3ff23c6e19816b1ca7190cb9 and 2ade3df93bfcc8fcb9cd19c422d121bc2ba07f18
[2025-12-19 21:07:34.015] [global] [info] [git_source_control.cc:522] failed to compute merge base - no merge base found
[2025-12-19 21:07:46.678] [global] [info] [git_source_control.cc:517] Computing merge base between 3fa3717980f8cdca3ff23c6e19816b1ca7190cb9 and 2ade3df93bfcc8fcb9cd19c422d121bc2ba07f18
[2025-12-19 21:07:46.681] [global] [info] [git_source_control.cc:522] failed to compute merge base - no merge base found
[2025-12-19 21:08:54.511] [global] [info] [git_source_control.cc:517] Computing merge base between 3fa3717980f8cdca3ff23c6e19816b1ca7190cb9 and 2ade3df93bfcc8fcb9cd19c422d121bc2ba07f18
[2025-12-19 21:08:54.538] [global] [info] [git_source_control.cc:522] failed to compute merge base - no merge base found
[2025-12-19 21:08:56.444] [global] [info] [git_source_control.cc:517] Computing merge base between 3fa3717980f8cdca3ff23c6e19816b1ca7190cb9 and 2ade3df93bfcc8fcb9cd19c422d121bc2ba07f18
[2025-12-19 21:08:56.445] [global] [info] [git_source_control.cc:522] failed to compute merge base - no merge base found
[2025-12-19 21:09:01.413] [global] [info] [git_source_control.cc:517] Computing merge base between 3fa3717980f8cdca3ff23c6e19816b1ca7190cb9 and 2ade3df93bfcc8fcb9cd19c422d121bc2ba07f18
[2025-12-19 21:09:01.414] [global] [info] [git_source_control.cc:522] failed to compute merge base - no merge base found
[2025-12-19 21:11:14.589] [global] [info] [git_source_control.cc:517] Computing merge base between 3fa3717980f8cdca3ff23c6e19816b1ca7190cb9 and 2ade3df93bfcc8fcb9cd19c422d121bc2ba07f18
[2025-12-19 21:11:14.609] [global] [info] [git_source_control.cc:522] failed to compute merge base - no merge base found
[2025-12-19 21:11:31.027] [global] [info] [git_source_control.cc:517] Computing merge base between 3fa3717980f8cdca3ff23c6e19816b1ca7190cb9 and 2ade3df93bfcc8fcb9cd19c422d121bc2ba07f18
[2025-12-19 21:11:31.029] [global] [info] [git_source_control.cc:522] failed to compute merge base - no merge base found
[2025-12-19 21:11:42.019] [global] [info] [git_source_control.cc:517] Computing merge base between 3fa3717980f8cdca3ff23c6e19816b1ca7190cb9 and 2ade3df93bfcc8fcb9cd19c422d121bc2ba07f18
[2025-12-19 21:11:42.021] [global] [info] [git_source_control.cc:522] failed to compute merge base - no merge base found
[2025-12-19 21:12:42.126] [global] [info] [git_source_control.cc:517] Computing merge base between 3fa3717980f8cdca3ff23c6e19816b1ca7190cb9 and 2ade3df93bfcc8fcb9cd19c422d121bc2ba07f18
[2025-12-19 21:12:42.143] [global] [info] [git_source_control.cc:522] failed to compute merge base - no merge base found
[2025-12-19 21:13:09.952] [global] [info] [git_source_control.cc:517] Computing merge base between 3fa3717980f8cdca3ff23c6e19816b1ca7190cb9 and 2ade3df93bfcc8fcb9cd19c422d121bc2ba07f18
[2025-12-19 21:13:09.953] [global] [info] [git_source_control.cc:522] failed to compute merge base - no merge base found
[2025-12-19 21:13:23.229] [global] [info] [git_source_control.cc:517] Computing merge base between 3fa3717980f8cdca3ff23c6e19816b1ca7190cb9 and 2ade3df93bfcc8fcb9cd19c422d121bc2ba07f18
[2025-12-19 21:13:23.232] [global] [info] [git_source_control.cc:522] failed to compute merge base - no merge base found
[2025-12-19 21:13:51.835] [global] [info] [git_source_control.cc:517] Computing merge base between 3fa3717980f8cdca3ff23c6e19816b1ca7190cb9 and 2ade3df93bfcc8fcb9cd19c422d121bc2ba07f18
[2025-12-19 21:13:51.837] [global] [info] [git_source_control.cc:522] failed to compute merge base - no merge base found
[2025-12-19 21:14:14.482] [global] [info] [git_source_control.cc:517] Computing merge base between 3fa3717980f8cdca3ff23c6e19816b1ca7190cb9 and 2ade3df93bfcc8fcb9cd19c422d121bc2ba07f18
[2025-12-19 21:14:14.508] [global] [info] [git_source_control.cc:522] failed to compute merge base - no merge base found
[2025-12-19 21:14:44.499] [global] [info] [git_source_control.cc:517] Computing merge base between 3fa3717980f8cdca3ff23c6e19816b1ca7190cb9 and 2ade3df93bfcc8fcb9cd19c422d121bc2ba07f18
[2025-12-19 21:14:44.523] [global] [info] [git_source_control.cc:522] failed to compute merge base - no merge base found
[2025-12-19 21:14:53.546] [global] [info] [git_source_control.cc:517] Computing merge base between 3fa3717980f8cdca3ff23c6e19816b1ca7190cb9 and 2ade3df93bfcc8fcb9cd19c422d121bc2ba07f18
[2025-12-19 21:14:53.548] [global] [info] [git_source_control.cc:522] failed to compute merge base - no merge base found
[2025-12-19 21:15:37.198] [global] [info] [git_source_control.cc:517] Computing merge base between 3fa3717980f8cdca3ff23c6e19816b1ca7190cb9 and 2ade3df93bfcc8fcb9cd19c422d121bc2ba07f18
[2025-12-19 21:15:37.202] [global] [info] [git_source_control.cc:522] failed to compute merge base - no merge base found
[2025-12-19 21:16:09.153] [global] [info] [git_source_control.cc:517] Computing merge base between 3fa3717980f8cdca3ff23c6e19816b1ca7190cb9 and 2ade3df93bfcc8fcb9cd19c422d121bc2ba07f18
[2025-12-19 21:16:09.156] [global] [info] [git_source_control.cc:522] failed to compute merge base - no merge base found
[2025-12-19 21:16:24.877] [global] [info] [git_source_control.cc:517] Computing merge base between 3fa3717980f8cdca3ff23c6e19816b1ca7190cb9 and 2ade3df93bfcc8fcb9cd19c422d121bc2ba07f18
[2025-12-19 21:16:24.881] [global] [info] [git_source_control.cc:522] failed to compute merge base - no merge base found
[2025-12-19 21:16:45.815] [global] [info] [git_source_control.cc:517] Computing merge base between 3fa3717980f8cdca3ff23c6e19816b1ca7190cb9 and 2ade3df93bfcc8fcb9cd19c422d121bc2ba07f18
[2025-12-19 21:16:45.819] [global] [info] [git_source_control.cc:522] failed to compute merge base - no merge base found
[2025-12-19 21:16:59.896] [global] [info] [git_source_control.cc:517] Computing merge base between 3fa3717980f8cdca3ff23c6e19816b1ca7190cb9 and 2ade3df93bfcc8fcb9cd19c422d121bc2ba07f18
[2025-12-19 21:16:59.898] [global] [info] [git_source_control.cc:522] failed to compute merge base - no merge base found
[2025-12-19 21:17:12.103] [global] [info] [git_source_control.cc:517] Computing merge base between 3fa3717980f8cdca3ff23c6e19816b1ca7190cb9 and 2ade3df93bfcc8fcb9cd19c422d121bc2ba07f18
[2025-12-19 21:17:12.105] [global] [info] [git_source_control.cc:522] failed to compute merge base - no merge base found
[2025-12-19 21:17:19.277] [global] [info] [git_source_control.cc:517] Computing merge base between 3fa3717980f8cdca3ff23c6e19816b1ca7190cb9 and 2ade3df93bfcc8fcb9cd19c422d121bc2ba07f18
[2025-12-19 21:17:19.277] [global] [info] [git_source_control.cc:522] failed to compute merge base - no merge base found
[2025-12-19 21:17:24.189] [global] [info] [git_source_control.cc:517] Computing merge base between 3fa3717980f8cdca3ff23c6e19816b1ca7190cb9 and 2ade3df93bfcc8fcb9cd19c422d121bc2ba07f18
[2025-12-19 21:17:24.190] [global] [info] [git_source_control.cc:522] failed to compute merge base - no merge base found
[2025-12-19 21:17:30.137] [global] [info] [git_source_control.cc:517] Computing merge base between 3fa3717980f8cdca3ff23c6e19816b1ca7190cb9 and 2ade3df93bfcc8fcb9cd19c422d121bc2ba07f18
[2025-12-19 21:17:30.139] [global] [info] [git_source_control.cc:522] failed to compute merge base - no merge base found
[2025-12-19 21:18:07.607] [global] [info] [git_source_control.cc:517] Computing merge base between 3fa3717980f8cdca3ff23c6e19816b1ca7190cb9 and 2ade3df93bfcc8fcb9cd19c422d121bc2ba07f18
[2025-12-19 21:18:07.610] [global] [info] [git_source_control.cc:522] failed to compute merge base - no merge base found
[2025-12-19 21:18:20.947] [global] [info] [git_source_control.cc:517] Computing merge base between 3fa3717980f8cdca3ff23c6e19816b1ca7190cb9 and 2ade3df93bfcc8fcb9cd19c422d121bc2ba07f18
[2025-12-19 21:18:20.951] [global] [info] [git_source_control.cc:522] failed to compute merge base - no merge base found
[2025-12-19 21:18:32.421] [global] [info] [git_source_control.cc:517] Computing merge base between 3fa3717980f8cdca3ff23c6e19816b1ca7190cb9 and 2ade3df93bfcc8fcb9cd19c422d121bc2ba07f18
[2025-12-19 21:18:32.423] [global] [info] [git_source_control.cc:522] failed to compute merge base - no merge base found
[2025-12-19 21:18:56.990] [global] [info] [git_source_control.cc:517] Computing merge base between 3fa3717980f8cdca3ff23c6e19816b1ca7190cb9 and 2ade3df93bfcc8fcb9cd19c422d121bc2ba07f18
[2025-12-19 21:18:56.994] [global] [info] [git_source_control.cc:522] failed to compute merge base - no merge base found
[2025-12-19 21:19:01.105] [global] [info] [git_source_control.cc:517] Computing merge base between 3fa3717980f8cdca3ff23c6e19816b1ca7190cb9 and 2ade3df93bfcc8fcb9cd19c422d121bc2ba07f18
[2025-12-19 21:19:01.107] [global] [info] [git_source_control.cc:522] failed to compute merge base - no merge base found
[2025-12-19 21:19:21.212] [global] [info] [git_source_control.cc:517] Computing merge base between 3fa3717980f8cdca3ff23c6e19816b1ca7190cb9 and 2ade3df93bfcc8fcb9cd19c422d121bc2ba07f18
[2025-12-19 21:19:21.237] [global] [info] [git_source_control.cc:522] failed to compute merge base - no merge base found
[2025-12-19 21:19:30.033] [global] [info] [git_source_control.cc:517] Computing merge base between 3fa3717980f8cdca3ff23c6e19816b1ca7190cb9 and 2ade3df93bfcc8fcb9cd19c422d121bc2ba07f18
[2025-12-19 21:19:30.035] [global] [info] [git_source_control.cc:522] failed to compute merge base - no merge base found
[2025-12-19 21:19:30.652] [global] [info] [git_source_control.cc:517] Computing merge base between 3fa3717980f8cdca3ff23c6e19816b1ca7190cb9 and 2ade3df93bfcc8fcb9cd19c422d121bc2ba07f18
[2025-12-19 21:19:30.653] [global] [info] [git_source_control.cc:522] failed to compute merge base - no merge base found
[2025-12-19 21:19:31.791] [global] [info] [git_source_control.cc:517] Computing merge base between 3fa3717980f8cdca3ff23c6e19816b1ca7190cb9 and 2ade3df93bfcc8fcb9cd19c422d121bc2ba07f18
[2025-12-19 21:19:31.793] [global] [info] [git_source_control.cc:522] failed to compute merge base - no merge base found
[2025-12-19 21:20:39.791] [global] [info] [git_source_control.cc:517] Computing merge base between 3fa3717980f8cdca3ff23c6e19816b1ca7190cb9 and 2ade3df93bfcc8fcb9cd19c422d121bc2ba07f18
[2025-12-19 21:20:39.812] [global] [info] [git_source_control.cc:522] failed to compute merge base - no merge base found
[2025-12-19 21:21:07.068] [global] [info] [git_source_control.cc:517] Computing merge base between 3fa3717980f8cdca3ff23c6e19816b1ca7190cb9 and 2ade3df93bfcc8fcb9cd19c422d121bc2ba07f18
[2025-12-19 21:21:07.077] [global] [info] [git_source_control.cc:522] failed to compute merge base - no merge base found
[2025-12-19 21:21:14.410] [global] [info] [runner.cc:154] Executing action trunk-upgrade-available.schedule.1h
[2025-12-19 21:21:15.727] [global] [info] [grpc.cc:22] RX:virtual grpc::Status trunk::cli::UpgradeService::GetAvailableUpgrades(grpc::ServerContext *, const upgrade::proto::v1::GetAvailableUpgradesRequest *, grpc::ServerWriter<upgrade::proto::v1::GetAvailableUpgradesResponse> *)
[2025-12-19 21:21:15.740] [global] [info] [cli_upgrade.cc:85] Checking for latest trunk prod version...
[2025-12-19 21:21:15.743] [global] [info] [plugin_upgrade.cc:71] Querying latest version for plugin trunk
[2025-12-19 21:21:16.711] [global] [info] [cli_upgrade.cc:92] Successfully fetched latest trunk 1.25.0 version: prod
[2025-12-19 21:21:37.399] [global] [warning] [release.cc:142] Querying validated version from ReleaseVersionService failed with message Endpoint is deprecated
[2025-12-19 21:21:37.405] [global] [info] [linter.cc:1078] Validated version for checkov not provided, or bypassed. Using fallback
[2025-12-19 21:21:37.405] [global] [info] [linter.cc:1078] Validated version for osv-scanner not provided, or bypassed. Using fallback
[2025-12-19 21:21:37.406] [global] [info] [linter.cc:1078] Validated version for prettier not provided, or bypassed. Using fallback
[2025-12-19 21:21:37.406] [global] [info] [linter.cc:1078] Validated version for markdownlint not provided, or bypassed. Using fallback
[2025-12-19 21:21:37.416] [global] [warning] [resolve_binary.cc:46] is_regular_file check failed for for C:\Users\guido\AppData\Local\trunk\tools\node\22.16.0-12da8a4c27b144aedaf7d975e067667c/bin\npm.bat // 3:El sistema no puede encontrar la ruta especificada.
[2025-12-19 21:21:37.416] [global] [warning] [resolve_binary.cc:46] is_regular_file check failed for for C:\Users\guido\AppData\Local\trunk\tools\node\22.16.0-12da8a4c27b144aedaf7d975e067667c/bin\npm.bat // 3:El sistema no puede encontrar la ruta especificada.
[2025-12-19 21:21:37.417] [global] [warning] [resolve_binary.cc:46] is_regular_file check failed for for C:\Users\guido\AppData\Local\trunk\tools\node\22.16.0-12da8a4c27b144aedaf7d975e067667c/bin\npm // 3:El sistema no puede encontrar la ruta especificada.
[2025-12-19 21:21:37.417] [global] [warning] [resolve_binary.cc:46] is_regular_file check failed for for C:\Users\guido\AppData\Local\trunk\tools\node\22.16.0-12da8a4c27b144aedaf7d975e067667c/bin\npm // 3:El sistema no puede encontrar la ruta especificada.
[2025-12-19 21:21:37.417] [global] [warning] [resolve_binary.cc:46] is_regular_file check failed for for C:\Users\guido\AppData\Local\trunk\tools\node\22.16.0-12da8a4c27b144aedaf7d975e067667c/bin\npm.exe // 3:El sistema no puede encontrar la ruta especificada.
[2025-12-19 21:21:37.417] [global] [warning] [resolve_binary.cc:46] is_regular_file check failed for for C:\Users\guido\AppData\Local\trunk\tools\node\22.16.0-12da8a4c27b144aedaf7d975e067667c/bin\npm.exe // 3:El sistema no puede encontrar la ruta especificada.
[2025-12-19 21:21:37.960] [global] [warning] [release.cc:76] Querying ReleaseVersionService failed with message Endpoint is deprecated
[2025-12-19 21:21:38.120] [global] [info] [linter.cc:1078] Validated version for trufflehog not provided, or bypassed. Using fallback
[2025-12-19 21:21:56.773] [global] [info] [git_source_control.cc:517] Computing merge base between 3fa3717980f8cdca3ff23c6e19816b1ca7190cb9 and 2ade3df93bfcc8fcb9cd19c422d121bc2ba07f18
[2025-12-19 21:21:56.775] [global] [info] [git_source_control.cc:522] failed to compute merge base - no merge base found
[2025-12-19 21:21:58.510] [global] [warning] [release.cc:76] Querying ReleaseVersionService failed with message Endpoint is deprecated
[2025-12-19 21:21:58.797] [global] [info] [linter.cc:1078] Validated version for oxipng not provided, or bypassed. Using fallback
[2025-12-19 21:21:59.296] [global] [warning] [release.cc:76] Querying ReleaseVersionService failed with message Endpoint is deprecated
[2025-12-19 21:21:59.576] [global] [info] [linter.cc:1078] Validated version for yamllint not provided, or bypassed. Using fallback
[2025-12-19 21:21:59.685] [global] [info] [linter.cc:1791] Found config in plugin repo at C:\Users\guido\AppData\Local\trunk\plugins\https---github-com-trunk-io-plugins\v1.7.4-4ebadccd80b22638\linters\yamllint\.yamllint.yaml
[2025-12-19 21:22:19.952] [global] [warning] [release.cc:76] Querying ReleaseVersionService failed with message Endpoint is deprecated
[2025-12-19 21:22:21.148] [global] [info] [grpc.cc:26] TX:virtual grpc::Status trunk::cli::UpgradeService::GetAvailableUpgrades(grpc::ServerContext *, const upgrade::proto::v1::GetAvailableUpgradesRequest *, grpc::ServerWriter<upgrade::proto::v1::GetAvailableUpgradesResponse> *) status=OK
[2025-12-19 21:22:21.833] [global] [info] [git_source_control.cc:517] Computing merge base between 3fa3717980f8cdca3ff23c6e19816b1ca7190cb9 and 2ade3df93bfcc8fcb9cd19c422d121bc2ba07f18
[2025-12-19 21:22:21.835] [global] [info] [git_source_control.cc:522] failed to compute merge base - no merge base found
[2025-12-19 21:22:21.841] [global] [info] [notification_manager.cc:37] Writing to C:\Users\guido\Documents\Proyectos\club\clubFront\.trunk\notifications\trunk-upgrade.yaml
[2025-12-19 21:22:27.071] [global] [info] [git_source_control.cc:517] Computing merge base between 3fa3717980f8cdca3ff23c6e19816b1ca7190cb9 and 2ade3df93bfcc8fcb9cd19c422d121bc2ba07f18
[2025-12-19 21:22:27.072] [global] [info] [git_source_control.cc:522] failed to compute merge base - no merge base found
[2025-12-19 21:22:58.044] [global] [info] [git_source_control.cc:517] Computing merge base between 3fa3717980f8cdca3ff23c6e19816b1ca7190cb9 and 2ade3df93bfcc8fcb9cd19c422d121bc2ba07f18
[2025-12-19 21:22:58.078] [global] [info] [git_source_control.cc:522] failed to compute merge base - no merge base found
[2025-12-19 21:23:58.053] [global] [info] [git_source_control.cc:517] Computing merge base between 3fa3717980f8cdca3ff23c6e19816b1ca7190cb9 and 2ade3df93bfcc8fcb9cd19c422d121bc2ba07f18
[2025-12-19 21:23:58.058] [global] [info] [git_source_control.cc:522] failed to compute merge base - no merge base found
[2025-12-19 21:24:06.975] [global] [info] [git_source_control.cc:517] Computing merge base between 3fa3717980f8cdca3ff23c6e19816b1ca7190cb9 and 2ade3df93bfcc8fcb9cd19c422d121bc2ba07f18
[2025-12-19 21:24:06.977] [global] [info] [git_source_control.cc:522] failed to compute merge base - no merge base found
[2025-12-19 21:26:07.286] [global] [info] [git_source_control.cc:517] Computing merge base between 3fa3717980f8cdca3ff23c6e19816b1ca7190cb9 and 2ade3df93bfcc8fcb9cd19c422d121bc2ba07f18
[2025-12-19 21:26:07.307] [global] [info] [git_source_control.cc:522] failed to compute merge base - no merge base found
[2025-12-19 21:29:56.697] [global] [info] [git_source_control.cc:517] Computing merge base between 3fa3717980f8cdca3ff23c6e19816b1ca7190cb9 and 2ade3df93bfcc8fcb9cd19c422d121bc2ba07f18
[2025-12-19 21:29:56.718] [global] [info] [git_source_control.cc:522] failed to compute merge base - no merge base found
[2025-12-19 21:29:57.298] [global] [info] [git_source_control.cc:517] Computing merge base between 3fa3717980f8cdca3ff23c6e19816b1ca7190cb9 and 2ade3df93bfcc8fcb9cd19c422d121bc2ba07f18
[2025-12-19 21:29:57.299] [global] [info] [git_source_control.cc:522] failed to compute merge base - no merge base found
[2025-12-19 21:29:58.481] [global] [info] [git_source_control.cc:517] Computing merge base between 3fa3717980f8cdca3ff23c6e19816b1ca7190cb9 and 2ade3df93bfcc8fcb9cd19c422d121bc2ba07f18
[2025-12-19 21:29:58.482] [global] [info] [git_source_control.cc:522] failed to compute merge base - no merge base found
[2025-12-19 21:40:24.970] [global] [info] [git_source_control.cc:517] Computing merge base between 3fa3717980f8cdca3ff23c6e19816b1ca7190cb9 and 2ade3df93bfcc8fcb9cd19c422d121bc2ba07f18
[2025-12-19 21:40:24.991] [global] [info] [git_source_control.cc:522] failed to compute merge base - no merge base found
[2025-12-19 21:40:25.573] [global] [info] [git_source_control.cc:517] Computing merge base between 3fa3717980f8cdca3ff23c6e19816b1ca7190cb9 and 2ade3df93bfcc8fcb9cd19c422d121bc2ba07f18
[2025-12-19 21:40:25.574] [global] [info] [git_source_control.cc:522] failed to compute merge base - no merge base found
[2025-12-19 21:40:26.791] [global] [info] [git_source_control.cc:517] Computing merge base between 3fa3717980f8cdca3ff23c6e19816b1ca7190cb9 and 2ade3df93bfcc8fcb9cd19c422d121bc2ba07f18
[2025-12-19 21:40:26.792] [global] [info] [git_source_control.cc:522] failed to compute merge base - no merge base found
[2025-12-19 21:50:52.580] [global] [info] [git_source_control.cc:517] Computing merge base between 3fa3717980f8cdca3ff23c6e19816b1ca7190cb9 and 2ade3df93bfcc8fcb9cd19c422d121bc2ba07f18
[2025-12-19 21:50:52.601] [global] [info] [git_source_control.cc:522] failed to compute merge base - no merge base found
[2025-12-19 21:50:53.197] [global] [info] [git_source_control.cc:517] Computing merge base between 3fa3717980f8cdca3ff23c6e19816b1ca7190cb9 and 2ade3df93bfcc8fcb9cd19c422d121bc2ba07f18
[2025-12-19 21:50:53.198] [global] [info] [git_source_control.cc:522] failed to compute merge base - no merge base found
[2025-12-19 21:50:54.367] [global] [info] [git_source_control.cc:517] Computing merge base between 3fa3717980f8cdca3ff23c6e19816b1ca7190cb9 and 2ade3df93bfcc8fcb9cd19c422d121bc2ba07f18
[2025-12-19 21:50:54.368] [global] [info] [git_source_control.cc:522] failed to compute merge base - no merge base found
[2025-12-19 22:01:20.118] [global] [info] [git_source_control.cc:517] Computing merge base between 3fa3717980f8cdca3ff23c6e19816b1ca7190cb9 and 2ade3df93bfcc8fcb9cd19c422d121bc2ba07f18
[2025-12-19 22:01:20.144] [global] [info] [git_source_control.cc:522] failed to compute merge base - no merge base found
[2025-12-19 22:01:20.717] [global] [info] [git_source_control.cc:517] Computing merge base between 3fa3717980f8cdca3ff23c6e19816b1ca7190cb9 and 2ade3df93bfcc8fcb9cd19c422d121bc2ba07f18
[2025-12-19 22:01:20.718] [global] [info] [git_source_control.cc:522] failed to compute merge base - no merge base found
[2025-12-19 22:01:21.967] [global] [info] [git_source_control.cc:517] Computing merge base between 3fa3717980f8cdca3ff23c6e19816b1ca7190cb9 and 2ade3df93bfcc8fcb9cd19c422d121bc2ba07f18
[2025-12-19 22:01:21.968] [global] [info] [git_source_control.cc:522] failed to compute merge base - no merge base found
[2025-12-19 22:11:43.951] [global] [info] [git_source_control.cc:517] Computing merge base between 3fa3717980f8cdca3ff23c6e19816b1ca7190cb9 and 2ade3df93bfcc8fcb9cd19c422d121bc2ba07f18
[2025-12-19 22:11:43.977] [global] [info] [git_source_control.cc:522] failed to compute merge base - no merge base found
[2025-12-19 22:11:44.612] [global] [info] [git_source_control.cc:517] Computing merge base between 3fa3717980f8cdca3ff23c6e19816b1ca7190cb9 and 2ade3df93bfcc8fcb9cd19c422d121bc2ba07f18
[2025-12-19 22:11:44.613] [global] [info] [git_source_control.cc:522] failed to compute merge base - no merge base found
[2025-12-19 22:11:45.826] [global] [info] [git_source_control.cc:517] Computing merge base between 3fa3717980f8cdca3ff23c6e19816b1ca7190cb9 and 2ade3df93bfcc8fcb9cd19c422d121bc2ba07f18
[2025-12-19 22:11:45.827] [global] [info] [git_source_control.cc:522] failed to compute merge base - no merge base found
[2025-12-20 11:05:25.425] [global] [info] [git_source_control.cc:517] Computing merge base between 3fa3717980f8cdca3ff23c6e19816b1ca7190cb9 and 2ade3df93bfcc8fcb9cd19c422d121bc2ba07f18
[2025-12-20 11:05:25.667] [global] [info] [git_source_control.cc:522] failed to compute merge base - no merge base found
[2025-12-20 11:07:04.161] [global] [info] [runner.cc:154] Executing action trunk-upgrade-available.schedule.1h
[2025-12-20 11:07:04.170] [global] [info] [runner.cc:154] Executing action trunk-upgrade-available.schedule.1h
[2025-12-20 11:07:04.733] [global] [info] [server.cc:96] Shutting down daemon due to inactivity
[2025-12-20 11:07:04.734] [global] [info] [server.cc:136] Shutdown daemon
[2025-12-20 11:07:04.770] [global] [info] [windows_monitor_impl.cc:182] Received cancel signal for monitor
[2025-12-20 11:07:04.771] [global] [info] [windows_monitor_impl.cc:90] Closing monitor worker
[2025-12-20 11:07:04.788] [global] [info] [windows_monitor_impl.cc:224] Monitor shutdown complete. Closing handles
[2025-12-20 11:07:04.788] [global] [info] [windows_monitor_impl.cc:232] Closed monitor canceller handle
[2025-12-20 11:07:04.788] [global] [info] [windows_monitor_impl.cc:237] Closed monitor overlap handle
[2025-12-20 11:07:04.789] [global] [info] [windows_monitor_impl.cc:242] Closed monitor workspace handle
[2025-12-20 11:07:04.793] [global] [warning] [windows_monitor_impl.cc:226] Unable to join thread on monitor shutdown
[2025-12-20 11:07:04.793] [global] [info] [windows_monitor_impl.cc:232] Closed monitor canceller handle
[2025-12-20 11:07:04.793] [global] [info] [windows_monitor_impl.cc:237] Closed monitor overlap handle
[2025-12-20 11:07:04.793] [global] [info] [windows_monitor_impl.cc:242] Closed monitor workspace handle
[2025-12-20 11:07:04.805] [global] [info] [service.cc:162] Writing notification state to file
